$ tsc -b && vite build
src/components/app/AppShell.tsx(454,41): error TS18047: 'state.project' is possibly 'null'.
src/components/app/AppShell.tsx(457,24): error TS18047: 'state.project' is possibly 'null'.
src/lib/image-editor-tools.ts(8,15): error TS2300: Duplicate identifier 'Color'.
src/lib/image-editor-tools.ts(8,22): error TS2300: Duplicate identifier 'ImageEditorTool'.
src/lib/image-editor-tools.ts(9,15): error TS2300: Duplicate identifier 'StrokeState'.
src/lib/image-editor-tools.ts(9,28): error TS2300: Duplicate identifier 'ToolContext'.
src/lib/image-editor-tools.ts(11,3): error TS2440: Import declaration conflicts with local declaration of 'bresenhamLine'.
src/lib/image-editor-tools.ts(12,3): error TS2440: Import declaration conflicts with local declaration of 'drawBrush'.
src/lib/image-editor-tools.ts(13,3): error TS2440: Import declaration conflicts with local declaration of 'getPixel'.
src/lib/image-editor-tools.ts(14,3): error TS2440: Import declaration conflicts with local declaration of 'setPixel'.
src/lib/image-editor-tools.ts(17,3): error TS2440: Import declaration conflicts with local declaration of 'commitFloatingSelection'.
src/lib/image-editor-tools.ts(18,3): error TS2440: Import declaration conflicts with local declaration of 'copySelectionPixels'.
src/lib/image-editor-tools.ts(19,3): error TS2440: Import declaration conflicts with local declaration of 'drawFloatingOnOverlay'.
src/lib/image-editor-tools.ts(20,3): error TS2440: Import declaration conflicts with local declaration of 'getResizeHandleCursor'.
src/lib/image-editor-tools.ts(21,3): error TS2440: Import declaration conflicts with local declaration of 'getSelectionState'.
src/lib/image-editor-tools.ts(22,3): error TS2440: Import declaration conflicts with local declaration of 'hitTestResizeHandle'.
src/lib/image-editor-tools.ts(23,3): error TS2440: Import declaration conflicts with local declaration of 'pasteSelectionPixels'.
src/lib/image-editor-tools.ts(24,3): error TS2440: Import declaration conflicts with local declaration of 'resetSelectionState'.
src/lib/image-editor-tools.ts(25,3): error TS2440: Import declaration conflicts with local declaration of 'selectionDown'.
src/lib/image-editor-tools.ts(26,3): error TS2440: Import declaration conflicts with local declaration of 'selectionMove'.
src/lib/image-editor-tools.ts(27,3): error TS2440: Import declaration conflicts with local declaration of 'selectionUp'.
src/lib/image-editor-tools.ts(30,3): error TS2440: Import declaration conflicts with local declaration of 'cropDown'.
src/lib/image-editor-tools.ts(31,3): error TS2440: Import declaration conflicts with local declaration of 'cropMove'.
src/lib/image-editor-tools.ts(32,3): error TS2440: Import declaration conflicts with local declaration of 'cropUp'.
src/lib/image-editor-tools.ts(33,3): error TS2440: Import declaration conflicts with local declaration of 'getCropState'.
src/lib/image-editor-tools.ts(34,3): error TS2440: Import declaration conflicts with local declaration of 'hitTestCropHandle'.
src/lib/image-editor-tools.ts(35,3): error TS2440: Import declaration conflicts with local declaration of 'resetCropState'.
src/lib/image-editor-tools.ts(38,3): error TS2440: Import declaration conflicts with local declaration of 'contourDown'.
src/lib/image-editor-tools.ts(39,3): error TS2440: Import declaration conflicts with local declaration of 'contourMove'.
src/lib/image-editor-tools.ts(40,3): error TS2440: Import declaration conflicts with local declaration of 'contourUp'.
src/lib/image-editor-tools.ts(41,3): error TS2440: Import declaration conflicts with local declaration of 'lineDown'.
src/lib/image-editor-tools.ts(42,3): error TS2440: Import declaration conflicts with local declaration of 'lineMove'.
src/lib/image-editor-tools.ts(43,3): error TS2440: Import declaration conflicts with local declaration of 'lineUp'.
src/lib/image-editor-tools.ts(44,3): error TS2440: Import declaration conflicts with local declaration of 'rectangleDown'.
src/lib/image-editor-tools.ts(45,3): error TS2440: Import declaration conflicts with local declaration of 'rectangleMove'.
src/lib/image-editor-tools.ts(46,3): error TS2440: Import declaration conflicts with local declaration of 'rectangleUp'.
src/lib/image-editor-tools.ts(50,3): error TS2323: Cannot redeclare exported variable 'bresenhamLine'.
src/lib/image-editor-tools.ts(50,3): error TS2484: Export declaration conflicts with exported declaration of 'bresenhamLine'.
src/lib/image-editor-tools.ts(51,3): error TS2323: Cannot redeclare exported variable 'constrainAngle'.
src/lib/image-editor-tools.ts(51,3): error TS2484: Export declaration conflicts with exported declaration of 'constrainAngle'.
src/lib/image-editor-tools.ts(52,3): error TS2323: Cannot redeclare exported variable 'constrainSquare'.
src/lib/image-editor-tools.ts(52,3): error TS2484: Export declaration conflicts with exported declaration of 'constrainSquare'.
src/lib/image-editor-tools.ts(53,3): error TS2323: Cannot redeclare exported variable 'createStrokeState'.
src/lib/image-editor-tools.ts(53,3): error TS2484: Export declaration conflicts with exported declaration of 'createStrokeState'.
src/lib/image-editor-tools.ts(54,3): error TS2323: Cannot redeclare exported variable 'drawBrush'.
src/lib/image-editor-tools.ts(54,3): error TS2484: Export declaration conflicts with exported declaration of 'drawBrush'.
src/lib/image-editor-tools.ts(55,3): error TS2323: Cannot redeclare exported variable 'drawSquareBrush'.
src/lib/image-editor-tools.ts(55,3): error TS2484: Export declaration conflicts with exported declaration of 'drawSquareBrush'.
src/lib/image-editor-tools.ts(56,3): error TS2323: Cannot redeclare exported variable 'getPixel'.
src/lib/image-editor-tools.ts(56,3): error TS2484: Export declaration conflicts with exported declaration of 'getPixel'.
src/lib/image-editor-tools.ts(57,3): error TS2323: Cannot redeclare exported variable 'setPixel'.
src/lib/image-editor-tools.ts(57,3): error TS2484: Export declaration conflicts with exported declaration of 'setPixel'.
src/lib/image-editor-tools.ts(60,3): error TS2323: Cannot redeclare exported variable 'commitFloatingSelection'.
src/lib/image-editor-tools.ts(60,3): error TS2484: Export declaration conflicts with exported declaration of 'commitFloatingSelection'.
src/lib/image-editor-tools.ts(61,3): error TS2323: Cannot redeclare exported variable 'copySelectionPixels'.
src/lib/image-editor-tools.ts(61,3): error TS2484: Export declaration conflicts with exported declaration of 'copySelectionPixels'.
src/lib/image-editor-tools.ts(62,3): error TS2323: Cannot redeclare exported variable 'drawFloatingOnOverlay'.
src/lib/image-editor-tools.ts(62,3): error TS2484: Export declaration conflicts with exported declaration of 'drawFloatingOnOverlay'.
src/lib/image-editor-tools.ts(63,3): error TS2323: Cannot redeclare exported variable 'getResizeHandleCursor'.
src/lib/image-editor-tools.ts(63,3): error TS2484: Export declaration conflicts with exported declaration of 'getResizeHandleCursor'.
src/lib/image-editor-tools.ts(64,3): error TS2323: Cannot redeclare exported variable 'getSelectionState'.
src/lib/image-editor-tools.ts(64,3): error TS2484: Export declaration conflicts with exported declaration of 'getSelectionState'.
src/lib/image-editor-tools.ts(65,3): error TS2323: Cannot redeclare exported variable 'hitTestResizeHandle'.
src/lib/image-editor-tools.ts(65,3): error TS2484: Export declaration conflicts with exported declaration of 'hitTestResizeHandle'.
src/lib/image-editor-tools.ts(66,3): error TS2323: Cannot redeclare exported variable 'pasteSelectionPixels'.
src/lib/image-editor-tools.ts(66,3): error TS2484: Export declaration conflicts with exported declaration of 'pasteSelectionPixels'.
src/lib/image-editor-tools.ts(67,3): error TS2323: Cannot redeclare exported variable 'resetSelectionState'.
src/lib/image-editor-tools.ts(67,3): error TS2484: Export declaration conflicts with exported declaration of 'resetSelectionState'.
src/lib/image-editor-tools.ts(68,3): error TS2323: Cannot redeclare exported variable 'selectionDown'.
src/lib/image-editor-tools.ts(68,3): error TS2484: Export declaration conflicts with exported declaration of 'selectionDown'.
src/lib/image-editor-tools.ts(69,3): error TS2323: Cannot redeclare exported variable 'selectionMove'.
src/lib/image-editor-tools.ts(69,3): error TS2484: Export declaration conflicts with exported declaration of 'selectionMove'.
src/lib/image-editor-tools.ts(70,3): error TS2323: Cannot redeclare exported variable 'selectionUp'.
src/lib/image-editor-tools.ts(70,3): error TS2484: Export declaration conflicts with exported declaration of 'selectionUp'.
src/lib/image-editor-tools.ts(73,3): error TS2323: Cannot redeclare exported variable 'cropDown'.
src/lib/image-editor-tools.ts(73,3): error TS2484: Export declaration conflicts with exported declaration of 'cropDown'.
src/lib/image-editor-tools.ts(74,3): error TS2323: Cannot redeclare exported variable 'cropMove'.
src/lib/image-editor-tools.ts(74,3): error TS2484: Export declaration conflicts with exported declaration of 'cropMove'.
src/lib/image-editor-tools.ts(75,3): error TS2323: Cannot redeclare exported variable 'cropUp'.
src/lib/image-editor-tools.ts(75,3): error TS2484: Export declaration conflicts with exported declaration of 'cropUp'.
src/lib/image-editor-tools.ts(76,3): error TS2323: Cannot redeclare exported variable 'getCropState'.
src/lib/image-editor-tools.ts(76,3): error TS2484: Export declaration conflicts with exported declaration of 'getCropState'.
src/lib/image-editor-tools.ts(77,3): error TS2323: Cannot redeclare exported variable 'hitTestCropHandle'.
src/lib/image-editor-tools.ts(77,3): error TS2484: Export declaration conflicts with exported declaration of 'hitTestCropHandle'.
src/lib/image-editor-tools.ts(78,3): error TS2323: Cannot redeclare exported variable 'resetCropState'.
src/lib/image-editor-tools.ts(78,3): error TS2484: Export declaration conflicts with exported declaration of 'resetCropState'.
src/lib/image-editor-tools.ts(81,3): error TS2323: Cannot redeclare exported variable 'contourDown'.
src/lib/image-editor-tools.ts(81,3): error TS2484: Export declaration conflicts with exported declaration of 'contourDown'.
src/lib/image-editor-tools.ts(82,3): error TS2323: Cannot redeclare exported variable 'contourMove'.
src/lib/image-editor-tools.ts(82,3): error TS2484: Export declaration conflicts with exported declaration of 'contourMove'.
src/lib/image-editor-tools.ts(83,3): error TS2323: Cannot redeclare exported variable 'contourUp'.
src/lib/image-editor-tools.ts(83,3): error TS2484: Export declaration conflicts with exported declaration of 'contourUp'.
src/lib/image-editor-tools.ts(84,3): error TS2323: Cannot redeclare exported variable 'lineDown'.
src/lib/image-editor-tools.ts(84,3): error TS2484: Export declaration conflicts with exported declaration of 'lineDown'.
src/lib/image-editor-tools.ts(85,3): error TS2323: Cannot redeclare exported variable 'lineMove'.
src/lib/image-editor-tools.ts(85,3): error TS2484: Export declaration conflicts with exported declaration of 'lineMove'.
src/lib/image-editor-tools.ts(86,3): error TS2323: Cannot redeclare exported variable 'lineUp'.
src/lib/image-editor-tools.ts(86,3): error TS2484: Export declaration conflicts with exported declaration of 'lineUp'.
src/lib/image-editor-tools.ts(87,3): error TS2323: Cannot redeclare exported variable 'rectangleDown'.
src/lib/image-editor-tools.ts(87,3): error TS2484: Export declaration conflicts with exported declaration of 'rectangleDown'.
src/lib/image-editor-tools.ts(88,3): error TS2323: Cannot redeclare exported variable 'rectangleMove'.
src/lib/image-editor-tools.ts(88,3): error TS2484: Export declaration conflicts with exported declaration of 'rectangleMove'.
src/lib/image-editor-tools.ts(89,3): error TS2323: Cannot redeclare exported variable 'rectangleUp'.
src/lib/image-editor-tools.ts(89,3): error TS2484: Export declaration conflicts with exported declaration of 'rectangleUp'.
src/lib/image-editor-tools.ts(92,10): error TS2393: Duplicate function implementation.
src/lib/image-editor-tools.ts(108,10): error TS2393: Duplicate function implementation.
src/lib/image-editor-tools.ts(129,10): error TS2393: Duplicate function implementation.
src/lib/image-editor-tools.ts(133,10): error TS2393: Duplicate function implementation.
src/lib/image-editor-tools.ts(166,10): error TS2393: Duplicate function implementation.
src/lib/image-editor-tools.ts(197,17): error TS2323: Cannot redeclare exported variable 'pencilDown'.
src/lib/image-editor-tools.ts(197,17): error TS2393: Duplicate function implementation.
src/lib/image-editor-tools.ts(213,17): error TS2323: Cannot redeclare exported variable 'pencilMove'.
src/lib/image-editor-tools.ts(213,17): error TS2393: Duplicate function implementation.
src/lib/image-editor-tools.ts(229,17): error TS2323: Cannot redeclare exported variable 'pencilUp'.
src/lib/image-editor-tools.ts(229,17): error TS2393: Duplicate function implementation.
src/lib/image-editor-tools.ts(249,17): error TS2323: Cannot redeclare exported variable 'eraserDown'.
src/lib/image-editor-tools.ts(249,17): error TS2393: Duplicate function implementation.
src/lib/image-editor-tools.ts(264,17): error TS2323: Cannot redeclare exported variable 'eraserMove'.
src/lib/image-editor-tools.ts(264,17): error TS2393: Duplicate function implementation.
src/lib/image-editor-tools.ts(283,17): error TS2323: Cannot redeclare exported variable 'eraserUp'.
src/lib/image-editor-tools.ts(283,17): error TS2393: Duplicate function implementation.
src/lib/image-editor-tools.ts(292,17): error TS2323: Cannot redeclare exported variable 'moveDown'.
src/lib/image-editor-tools.ts(292,17): error TS2393: Duplicate function implementation.
src/lib/image-editor-tools.ts(306,17): error TS2323: Cannot redeclare exported variable 'moveMove'.
src/lib/image-editor-tools.ts(306,17): error TS2393: Duplicate function implementation.
src/lib/image-editor-tools.ts(323,17): error TS2323: Cannot redeclare exported variable 'moveUp'.
src/lib/image-editor-tools.ts(323,17): error TS2393: Duplicate function implementation.
src/lib/image-editor-tools.ts(333,17): error TS2323: Cannot redeclare exported variable 'paintBucketDown'.
src/lib/image-editor-tools.ts(333,17): error TS2393: Duplicate function implementation.
src/lib/image-editor-tools.ts(368,17): error TS2323: Cannot redeclare exported variable 'blurDown'.
src/lib/image-editor-tools.ts(368,17): error TS2393: Duplicate function implementation.
src/lib/image-editor-tools.ts(380,17): error TS2323: Cannot redeclare exported variable 'blurMove'.
src/lib/image-editor-tools.ts(380,17): error TS2393: Duplicate function implementation.
src/lib/image-editor-tools.ts(397,17): error TS2323: Cannot redeclare exported variable 'blurUp'.
src/lib/image-editor-tools.ts(397,17): error TS2393: Duplicate function implementation.
src/lib/image-editor-tools.ts(406,10): error TS2393: Duplicate function implementation.
src/lib/image-editor-tools.ts(458,17): error TS2323: Cannot redeclare exported variable 'dispatchDown'.
src/lib/image-editor-tools.ts(458,17): error TS2393: Duplicate function implementation.
src/lib/image-editor-tools.ts(499,17): error TS2323: Cannot redeclare exported variable 'dispatchMove'.
src/lib/image-editor-tools.ts(499,17): error TS2393: Duplicate function implementation.
src/lib/image-editor-tools.ts(537,17): error TS2323: Cannot redeclare exported variable 'dispatchUp'.
src/lib/image-editor-tools.ts(537,17): error TS2393: Duplicate function implementation.
src/lib/image-editor-tools.ts(584,15): error TS2300: Duplicate identifier 'Color'.
src/lib/image-editor-tools.ts(584,22): error TS2300: Duplicate identifier 'ImageEditorTool'.
src/lib/image-editor-tools.ts(588,3): error TS2300: Duplicate identifier 'StrokeState'.
src/lib/image-editor-tools.ts(589,3): error TS2300: Duplicate identifier 'ToolContext'.
src/lib/image-editor-tools.ts(597,17): error TS2323: Cannot redeclare exported variable 'bresenhamLine'.
src/lib/image-editor-tools.ts(630,17): error TS2323: Cannot redeclare exported variable 'setPixel'.
src/lib/image-editor-tools.ts(682,10): error TS2393: Duplicate function implementation.
src/lib/image-editor-tools.ts(698,17): error TS2323: Cannot redeclare exported variable 'getPixel'.
src/lib/image-editor-tools.ts(713,17): error TS2323: Cannot redeclare exported variable 'drawBrush'.
src/lib/image-editor-tools.ts(743,17): error TS2323: Cannot redeclare exported variable 'drawSquareBrush'.
src/lib/image-editor-tools.ts(765,10): error TS2393: Duplicate function implementation.
src/lib/image-editor-tools.ts(787,10): error TS2393: Duplicate function implementation.
src/lib/image-editor-tools.ts(795,17): error TS2323: Cannot redeclare exported variable 'createStrokeState'.
src/lib/image-editor-tools.ts(817,17): error TS2323: Cannot redeclare exported variable 'constrainAngle'.
src/lib/image-editor-tools.ts(842,17): error TS2323: Cannot redeclare exported variable 'constrainSquare'.
src/lib/image-editor-tools.ts(858,10): error TS2393: Duplicate function implementation.
src/lib/image-editor-tools.ts(889,10): error TS2393: Duplicate function implementation.
src/lib/image-editor-tools.ts(919,17): error TS2323: Cannot redeclare exported variable 'pencilDown'.
src/lib/image-editor-tools.ts(919,17): error TS2393: Duplicate function implementation.
src/lib/image-editor-tools.ts(935,17): error TS2323: Cannot redeclare exported variable 'pencilMove'.
src/lib/image-editor-tools.ts(935,17): error TS2393: Duplicate function implementation.
src/lib/image-editor-tools.ts(950,17): error TS2323: Cannot redeclare exported variable 'pencilUp'.
src/lib/image-editor-tools.ts(950,17): error TS2393: Duplicate function implementation.
src/lib/image-editor-tools.ts(974,17): error TS2323: Cannot redeclare exported variable 'eraserDown'.
src/lib/image-editor-tools.ts(974,17): error TS2393: Duplicate function implementation.
src/lib/image-editor-tools.ts(988,17): error TS2323: Cannot redeclare exported variable 'eraserMove'.
src/lib/image-editor-tools.ts(988,17): error TS2393: Duplicate function implementation.
src/lib/image-editor-tools.ts(1005,17): error TS2323: Cannot redeclare exported variable 'eraserUp'.
src/lib/image-editor-tools.ts(1005,17): error TS2393: Duplicate function implementation.
src/lib/image-editor-tools.ts(1040,17): error TS2323: Cannot redeclare exported variable 'getSelectionState'.
src/lib/image-editor-tools.ts(1044,17): error TS2323: Cannot redeclare exported variable 'resetSelectionState'.
src/lib/image-editor-tools.ts(1095,17): error TS2323: Cannot redeclare exported variable 'commitFloatingSelection'.
src/lib/image-editor-tools.ts(1143,17): error TS2323: Cannot redeclare exported variable 'hitTestResizeHandle'.
src/lib/image-editor-tools.ts(1172,17): error TS2323: Cannot redeclare exported variable 'getResizeHandleCursor'.
src/lib/image-editor-tools.ts(1192,17): error TS2323: Cannot redeclare exported variable 'drawFloatingOnOverlay'.
src/lib/image-editor-tools.ts(1217,17): error TS2323: Cannot redeclare exported variable 'selectionDown'.
src/lib/image-editor-tools.ts(1273,17): error TS2323: Cannot redeclare exported variable 'selectionMove'.
src/lib/image-editor-tools.ts(1387,17): error TS2323: Cannot redeclare exported variable 'selectionUp'.
src/lib/image-editor-tools.ts(1479,17): error TS2323: Cannot redeclare exported variable 'copySelectionPixels'.
src/lib/image-editor-tools.ts(1493,17): error TS2323: Cannot redeclare exported variable 'pasteSelectionPixels'.
src/lib/image-editor-tools.ts(1564,17): error TS2323: Cannot redeclare exported variable 'getCropState'.
src/lib/image-editor-tools.ts(1568,17): error TS2323: Cannot redeclare exported variable 'resetCropState'.
src/lib/image-editor-tools.ts(1598,17): error TS2323: Cannot redeclare exported variable 'hitTestCropHandle'.
src/lib/image-editor-tools.ts(1625,17): error TS2323: Cannot redeclare exported variable 'cropDown'.
src/lib/image-editor-tools.ts(1658,17): error TS2323: Cannot redeclare exported variable 'cropMove'.
src/lib/image-editor-tools.ts(1735,17): error TS2323: Cannot redeclare exported variable 'cropUp'.
src/lib/image-editor-tools.ts(1765,17): error TS2323: Cannot redeclare exported variable 'moveDown'.
src/lib/image-editor-tools.ts(1765,17): error TS2393: Duplicate function implementation.
src/lib/image-editor-tools.ts(1779,17): error TS2323: Cannot redeclare exported variable 'moveMove'.
src/lib/image-editor-tools.ts(1779,17): error TS2393: Duplicate function implementation.
src/lib/image-editor-tools.ts(1796,17): error TS2323: Cannot redeclare exported variable 'moveUp'.
src/lib/image-editor-tools.ts(1796,17): error TS2393: Duplicate function implementation.
src/lib/image-editor-tools.ts(1810,17): error TS2323: Cannot redeclare exported variable 'paintBucketDown'.
src/lib/image-editor-tools.ts(1810,17): error TS2393: Duplicate function implementation.
src/lib/image-editor-tools.ts(1853,17): error TS2323: Cannot redeclare exported variable 'lineDown'.
src/lib/image-editor-tools.ts(1865,17): error TS2323: Cannot redeclare exported variable 'lineMove'.
src/lib/image-editor-tools.ts(1898,17): error TS2323: Cannot redeclare exported variable 'lineUp'.
src/lib/image-editor-tools.ts(1959,17): error TS2323: Cannot redeclare exported variable 'rectangleDown'.
src/lib/image-editor-tools.ts(1971,17): error TS2323: Cannot redeclare exported variable 'rectangleMove'.
src/lib/image-editor-tools.ts(2000,17): error TS2323: Cannot redeclare exported variable 'rectangleUp'.
src/lib/image-editor-tools.ts(2064,17): error TS2323: Cannot redeclare exported variable 'contourDown'.
src/lib/image-editor-tools.ts(2076,17): error TS2323: Cannot redeclare exported variable 'contourMove'.
src/lib/image-editor-tools.ts(2105,17): error TS2323: Cannot redeclare exported variable 'contourUp'.
src/lib/image-editor-tools.ts(2142,17): error TS2323: Cannot redeclare exported variable 'blurDown'.
src/lib/image-editor-tools.ts(2142,17): error TS2393: Duplicate function implementation.
src/lib/image-editor-tools.ts(2154,17): error TS2323: Cannot redeclare exported variable 'blurMove'.
src/lib/image-editor-tools.ts(2154,17): error TS2393: Duplicate function implementation.
src/lib/image-editor-tools.ts(2169,17): error TS2323: Cannot redeclare exported variable 'blurUp'.
src/lib/image-editor-tools.ts(2169,17): error TS2393: Duplicate function implementation.
src/lib/image-editor-tools.ts(2178,10): error TS2393: Duplicate function implementation.
src/lib/image-editor-tools.ts(2239,17): error TS2323: Cannot redeclare exported variable 'dispatchDown'.
src/lib/image-editor-tools.ts(2239,17): error TS2393: Duplicate function implementation.
src/lib/image-editor-tools.ts(2280,17): error TS2323: Cannot redeclare exported variable 'dispatchMove'.
src/lib/image-editor-tools.ts(2280,17): error TS2393: Duplicate function implementation.
src/lib/image-editor-tools.ts(2318,17): error TS2323: Cannot redeclare exported variable 'dispatchUp'.
src/lib/image-editor-tools.ts(2318,17): error TS2393: Duplicate function implementation.
